// Jest Snapshot v1, https://goo.gl/fbAQLP

exports[`should match snapshot 1`] = `
<nav
  className="navbar navbar-expand-lg navbar-light bg-light"
>
  <div
    className="container"
  >
    <div
      className="navbar-nav"
      onKeyDown={[Function]}
    >
      <a
        href="/main"
      >
        <img
          className="col-lg-6 img-fluid w-100 login-image center-block"
          src="market.png"
          style={
            Object {
              "maxWidth": "40px",
            }
          }
        />
      </a>
    </div>
    <a
      className="navbar-brand"
      href="#home"
    >
      Mock Market
    </a>
    <button
      aria-controls="basic-navbar-nav"
      aria-label="Toggle navigation"
      className="navbar-toggler collapsed"
      onClick={[Function]}
      type="button"
    >
      <span
        className="navbar-toggler-icon"
      />
    </button>
    <div
      aria-expanded={null}
      className="navbar-collapse collapse"
      id="basic-navbar-nav"
    >
      <div
        className="me-auto navbar-nav"
        onKeyDown={[Function]}
      >
        <a
          className="nav-link"
          data-rb-event-key="/main"
          href="/main"
          onClick={[Function]}
          onKeyDown={[Function]}
        >
          Dashboard
        </a>
        <a
          className="nav-link"
          data-rb-event-key="/search"
          href="/search"
          onClick={[Function]}
          onKeyDown={[Function]}
        >
          Search
        </a>
      </div>
    </div>
  </div>
</nav>
`;
