// Jest Snapshot v1, https://goo.gl/fbAQLP

exports[`should match snapshot 1`] = `
Array [
  <div
    className="jumbotron"
    style={
      Object {
        "margin": "30px",
      }
    }
  >
    <div
      className="container main-form"
    >
      <form>
        <h2>
          Net Account Value: 
          <span
            style={
              Object {
                "color": "green",
              }
            }
          >
            $
            0.00
          </span>
        </h2>
        <hr
          className="colorgraph"
        />
        <div
          className="row"
        >
          <div
            className="form-group col-md-6"
          >
            <label>
              Stock Value
            </label>
            <input
              className="form-control"
              id="inputCity"
              readOnly={true}
              type="text"
              value="$0.00"
            />
          </div>
          <div
            className="form-group col-md-6"
          >
            <label>
              Funds Remaining
            </label>
            <input
              className="form-control"
              id="inputZip"
              readOnly={true}
              type="text"
              value="$0.00"
            />
          </div>
        </div>
        <hr />
        <div
          className="row"
        >
          <div
            className="form-group col-md-6"
          >
            <label>
              Total Profit
            </label>
            <input
              className="form-control"
              id="inputCity"
              readOnly={true}
              type="text"
              value="$0.00"
            />
          </div>
          <div
            className="form-group col-md-6"
          >
            <label>
              % Change from account
            </label>
            <input
              className="form-control"
              id="inputZip"
              readOnly={true}
              type="text"
              value="NaN%"
            />
          </div>
        </div>
        <br />
        <div
          className="row"
        >
          <div
            className="form-group col-md-6"
          >
            <label>
              Total Withdrawal
            </label>
            <input
              className="form-control"
              id="inputZip"
              readOnly={true}
              type="text"
              value="$0"
            />
          </div>
          <div
            className="form-group col-md-6"
          >
            <label>
              Total Deposit
            </label>
            <input
              className="form-control"
              id="inputZip"
              readOnly={true}
              type="text"
              value="$0"
            />
          </div>
        </div>
      </form>
    </div>
  </div>,
  <br />,
  <div
    className="jumbotron"
  >
    <div
      className="container table-form"
    >
      <form>
        <h2>
          Transactions 
        </h2>
        <hr
          className="colorgraph"
        />
        <table
          className="table table-striped table-bordered table-hover"
        >
          <thead>
            <tr>
              <th>
                Stock Ticker
              </th>
              <th>
                Total Profit
              </th>
              <th>
                Current Profit
              </th>
              <th>
                Sold Profit
              </th>
              <th>
                Current Price
              </th>
              <th>
                High Price
              </th>
              <th>
                Low Price
              </th>
              <th>
                Open Price
              </th>
            </tr>
          </thead>
          <tbody />
        </table>
      </form>
    </div>
  </div>,
]
`;
